com\hospital\exception\HospitalException.class
com\hospital\model\User.class
com\hospital\servlet\DBTestServlet.class
com\hospital\model\Patient.class
com\hospital\servlet\LogoutServlet.class
com\hospital\util\FileUtil.class
com\hospital\dao\PatientDAO.class
com\hospital\exception\UserNotFoundException.class
com\hospital\servlet\AdminServlet.class
com\hospital\servlet\MyAppointmentsServlet.class
com\hospital\servlet\AdminManagePatientsServlet.class
com\hospital\dao\AppointmentDAO.class
com\hospital\servlet\AdminManageDoctorsServlet.class
com\hospital\dao\DoctorDAO.class
com\hospital\model\Doctor.class
ClearUsers.class
com\hospital\exception\DatabaseException.class
com\hospital\servlet\PatientRegistrationServlet.class
com\hospital\servlet\AdminReportsServlet.class
com\hospital\util\Config.class
com\hospital\util\PasswordUtil.class
com\hospital\servlet\DoctorDashboardServlet.class
TestSetup.class
com\hospital\servlet\BookAppointmentServlet.class
com\hospital\servlet\PatientDashboardServlet.class
com\hospital\servlet\AdminAppointmentsServlet.class
com\hospital\dao\DatabaseConnection.class
com\hospital\dao\UserDAO.class
com\hospital\model\Appointment.class
com\hospital\thread\AppointmentReminderThread.class
com\hospital\servlet\LoginServlet.class
