c:\Users\neela\Downloads\Hospital_Management_System\src\main\java\ClearUsers.java
c:\Users\neela\Downloads\Hospital_Management_System\src\main\java\com\hospital\dao\AppointmentDAO.java
c:\Users\neela\Downloads\Hospital_Management_System\src\main\java\com\hospital\dao\DatabaseConnection.java
c:\Users\neela\Downloads\Hospital_Management_System\src\main\java\com\hospital\dao\DoctorDAO.java
c:\Users\neela\Downloads\Hospital_Management_System\src\main\java\com\hospital\dao\PatientDAO.java
c:\Users\neela\Downloads\Hospital_Management_System\src\main\java\com\hospital\dao\UserDAO.java
c:\Users\neela\Downloads\Hospital_Management_System\src\main\java\com\hospital\exception\DatabaseException.java
c:\Users\neela\Downloads\Hospital_Management_System\src\main\java\com\hospital\exception\HospitalException.java
c:\Users\neela\Downloads\Hospital_Management_System\src\main\java\com\hospital\exception\UserNotFoundException.java
c:\Users\neela\Downloads\Hospital_Management_System\src\main\java\com\hospital\model\Appointment.java
c:\Users\neela\Downloads\Hospital_Management_System\src\main\java\com\hospital\model\Doctor.java
c:\Users\neela\Downloads\Hospital_Management_System\src\main\java\com\hospital\model\Patient.java
c:\Users\neela\Downloads\Hospital_Management_System\src\main\java\com\hospital\model\User.java
c:\Users\neela\Downloads\Hospital_Management_System\src\main\java\com\hospital\servlet\AdminAppointmentsServlet.java
c:\Users\neela\Downloads\Hospital_Management_System\src\main\java\com\hospital\servlet\AdminManageDoctorsServlet.java
c:\Users\neela\Downloads\Hospital_Management_System\src\main\java\com\hospital\servlet\AdminManagePatientsServlet.java
c:\Users\neela\Downloads\Hospital_Management_System\src\main\java\com\hospital\servlet\AdminReportsServlet.java
c:\Users\neela\Downloads\Hospital_Management_System\src\main\java\com\hospital\servlet\AdminServlet.java
c:\Users\neela\Downloads\Hospital_Management_System\src\main\java\com\hospital\servlet\BookAppointmentServlet.java
c:\Users\neela\Downloads\Hospital_Management_System\src\main\java\com\hospital\servlet\DBTestServlet.java
c:\Users\neela\Downloads\Hospital_Management_System\src\main\java\com\hospital\servlet\DoctorDashboardServlet.java
c:\Users\neela\Downloads\Hospital_Management_System\src\main\java\com\hospital\servlet\LoginServlet.java
c:\Users\neela\Downloads\Hospital_Management_System\src\main\java\com\hospital\servlet\LogoutServlet.java
c:\Users\neela\Downloads\Hospital_Management_System\src\main\java\com\hospital\servlet\MyAppointmentsServlet.java
c:\Users\neela\Downloads\Hospital_Management_System\src\main\java\com\hospital\servlet\PatientDashboardServlet.java
c:\Users\neela\Downloads\Hospital_Management_System\src\main\java\com\hospital\servlet\PatientRegistrationServlet.java
c:\Users\neela\Downloads\Hospital_Management_System\src\main\java\com\hospital\thread\AppointmentReminderThread.java
c:\Users\neela\Downloads\Hospital_Management_System\src\main\java\com\hospital\util\Config.java
c:\Users\neela\Downloads\Hospital_Management_System\src\main\java\com\hospital\util\FileUtil.java
c:\Users\neela\Downloads\Hospital_Management_System\src\main\java\com\hospital\util\PasswordUtil.java
c:\Users\neela\Downloads\Hospital_Management_System\src\main\java\TestSetup.java
